// Jest Snapshot v1, https://goo.gl/fbAQLP

exports[`parseEquation gives correct error for malformed ExplicitRectangulars 1`] = `"variable a is undefined"`;
